---
source: src/transform.rs
expression: code
---
import * as __oxjest__ from "oxjest/runtime";
import { jest } from "@jest/globals";
import { createMockFactory } from "oxjest/runtime";
describe("createMockFactory", () => {
	it("create a mock for function", async () => {
		const factory = createMockFactory({ greet() {
			return "Hello, world!";
		} });
		const mock = factory();
		expect(import.meta.jest.isMockFunction(mock.greet)).toBe(true);
	});
	it("create a mock for class", async () => {
		class Greeter {
			static greet() {
				return "Hello, world!";
			}
		}
		const factory = createMockFactory({ Greeter });
		const mock = factory();
		expect(import.meta.jest.isMockFunction(mock.Greeter.greet)).toBe(true);
	});
});

//# sourceMappingURL=data:application/json;base64,eyJ2ZXJzaW9uIjozLCJuYW1lcyI6W10sInNvdXJjZXMiOlsicnVudGltZS50ZXN0LnRzIl0sInNvdXJjZXNDb250ZW50IjpbXSwibWFwcGluZ3MiOiI7QUFBQSxTQUFTLFlBQVksZUFBZ0I7QUFDckMsU0FBUyx5QkFBeUIsZ0JBQWlCO0FBRW5ELFNBQVMscUJBQXFCLE1BQU07Q0FDbEMsR0FBRyw4QkFBOEIsWUFBWTtFQUMzQyxNQUFNLFVBQVUsa0JBQWtCLEVBQ2hDLFFBQWdCO0FBQ2QsVUFBTztFQUNSLEVBQ0YsRUFBQztFQUVGLE1BQU0sT0FBTyxTQUFTO0VBRXRCLG1CQUFPLEtBQUssZUFBZSxLQUFLLE1BQU0sQ0FBQyxDQUFDLEtBQUssS0FBSztDQUNuRCxFQUFDO0NBRUYsR0FBRywyQkFBMkIsWUFBWTtFQUN4QyxNQUFNLFFBQVE7R0FDWixPQUFPLFFBQWdCO0FBQ3JCLFdBQU87R0FDUjtFQUNGO0VBRUQsTUFBTSxVQUFVLGtCQUFrQixFQUFFLFFBQVMsRUFBQztFQUM5QyxNQUFNLE9BQU8sU0FBUztFQUV0QixtQkFBTyxLQUFLLGVBQWUsS0FBSyxRQUFRLE1BQU0sQ0FBQyxDQUFDLEtBQUssS0FBSztDQUMzRCxFQUFDO0FBQ0gsRUFBQyJ9
