---
source: src/transform.rs
expression: code
---
import * as __oxjest__ from "oxjest/runtime";
const __oxjest_actual_0__ = await import("./greeter");
import.meta.jest.unstable_mockModule("./greeter", () => ({ greet: () => "Hello from mocked module!" }));
describe("requireActual", () => {
	it("mock a module", () => {
		const greeter = __oxjest_actual_0__;
		expect(greeter.greet()).toBe("Hello, world!");
	});
});

//# sourceMappingURL=data:application/json;base64,eyJ2ZXJzaW9uIjozLCJuYW1lcyI6WyJqZXN0LnJlcXVpcmVBY3R1YWwoXCIuL2dyZWV0ZXJcIikiXSwic291cmNlcyI6WyJyZXF1aXJlQWN0dWFsLnRlc3QudHMiXSwic291cmNlc0NvbnRlbnQiOltdLCJtYXBwaW5ncyI6Ijs7WUFBQSxLQUFLLG9CQUFLLGFBQWEsT0FBTyxFQUM1QixPQUFPLE1BQU0sNEJBQ2QsR0FBRTtBQUVILFNBQVMsaUJBQWlCLE1BQU07Q0FDOUIsR0FBRyxpQkFBaUIsTUFBTTtFQUN4QixNQUFNLFVBQVVBO0VBRWhCLE9BQU8sUUFBUSxPQUFPLENBQUMsQ0FBQyxLQUFLLGdCQUFnQjtDQUM5QyxFQUFDO0FBQ0gsRUFBQyJ9
