---
source: src/transform.rs
expression: code
---
import * as __oxjest__ from "oxjest/runtime";
export function greet() {
	return "Hello, world!";
}
export class Greeter {
	static greetStatic() {
		return "Hello from static method!";
	}
	greet() {
		return "Hello from class method!";
	}
}

//# sourceMappingURL=data:application/json;base64,eyJ2ZXJzaW9uIjozLCJuYW1lcyI6W10sInNvdXJjZXMiOlsiZ3JlZXRlci50cyJdLCJtYXBwaW5ncyI6IjtBQUFBLE9BQU8sU0FBUyxRQUFnQjtBQUM5QixRQUFPO0FBQ1I7QUFFRCxPQUFPLE1BQU0sUUFBUTtDQUNuQixPQUFPLGNBQXNCO0FBQzNCLFNBQU87Q0FDUjtDQUVELFFBQWdCO0FBQ2QsU0FBTztDQUNSO0FBQ0YifQ==
