---
source: src/transform.rs
expression: code
---
import * as __oxjest__ from "oxjest/runtime";
export function greet() {
	return "Hello, world!";
}
export class Greeter {
	static greetStatic() {
		return "Hello from static method!";
	}
	greet() {
		return "Hello from class method!";
	}
}

//# sourceMappingURL=data:application/json;base64,eyJ2ZXJzaW9uIjozLCJuYW1lcyI6W10sInNvdXJjZXMiOlsiZ3JlZXRlci50cyJdLCJzb3VyY2VzQ29udGVudCI6W10sIm1hcHBpbmdzIjoiO0FBQUEsT0FBTyxTQUFTLFFBQWdCO0FBQzlCLFFBQU87QUFDUjtBQUVELE9BQU8sTUFBTSxRQUFRO0NBQ25CLE9BQU8sY0FBc0I7QUFDM0IsU0FBTztDQUNSO0NBRUQsUUFBZ0I7QUFDZCxTQUFPO0NBQ1I7QUFDRiJ9
