---
source: src/transform.rs
expression: code
---
import * as __oxjest__ from "oxjest/runtime";
import { jest } from "@jest/globals";
import { createMockFactory } from "oxjest/runtime";
describe("createMockFactory", () => {
	it("create a mock for function", async () => {
		const factory = createMockFactory({ greet() {
			return "Hello, world!";
		} });
		const mock = factory();
		expect(import.meta.jest.isMockFunction(mock.greet)).toBe(true);
	});
	it("create a mock for class", async () => {
		class Greeter {
			static greet() {
				return "Hello, world!";
			}
		}
		const factory = createMockFactory({ Greeter });
		const mock = factory();
		expect(import.meta.jest.isMockFunction(mock.Greeter.greet)).toBe(true);
	});
});

//# sourceMappingURL=data:application/json;base64,eyJ2ZXJzaW9uIjozLCJuYW1lcyI6W10sInNvdXJjZXMiOlsicnVudGltZS50ZXN0LnRzIl0sInNvdXJjZXNDb250ZW50IjpbXSwibWFwcGluZ3MiOiI7QUFBQSxTQUFTLFlBQVk7QUFDckIsU0FBUyx5QkFBeUI7QUFFbEMsU0FBUywyQkFBMkI7QUFDbEMsSUFBRyw4QkFBOEIsWUFBWTtFQUMzQyxNQUFNLFVBQVUsa0JBQWtCLEVBQ2hDLFFBQWdCO0FBQ2QsVUFBTztLQUVWLENBQUM7RUFFRixNQUFNLE9BQU8sU0FBUztBQUV0QixxQkFBTyxLQUFLLGVBQWUsS0FBSyxNQUFNLENBQUMsQ0FBQyxLQUFLLEtBQUs7R0FDbEQ7QUFFRixJQUFHLDJCQUEyQixZQUFZO0VBQ3hDLE1BQU0sUUFBUTtHQUNaLE9BQU8sUUFBZ0I7QUFDckIsV0FBTzs7O0VBSVgsTUFBTSxVQUFVLGtCQUFrQixFQUFFLFNBQVMsQ0FBQztFQUM5QyxNQUFNLE9BQU8sU0FBUztBQUV0QixxQkFBTyxLQUFLLGVBQWUsS0FBSyxRQUFRLE1BQU0sQ0FBQyxDQUFDLEtBQUssS0FBSztHQUMxRDtFQUNGIn0=
