---
source: src/transform.rs
expression: code
---
import * as __oxjest__ from "oxjest/runtime";
describe("doMock", () => {
	beforeEach(() => {
		import.meta.jest.resetModules();
	});
	it("mock a module first", async () => {
		import.meta.jest.unstable_mockModule("./greeter.ts", () => {
			return { greet: import.meta.jest.fn(() => "Hello from first mocked module!") };
		});
		const { greet } = await import("./greeter.ts");
		expect(greet()).toBe("Hello from first mocked module!");
	});
	it("mock a module second", async () => {
		import.meta.jest.unstable_mockModule("./greeter.ts", () => {
			return { greet: import.meta.jest.fn(() => "Hello from second mocked module!") };
		});
		const { greet } = await import("./greeter.ts");
		expect(greet()).toBe("Hello from second mocked module!");
	});
});

//# sourceMappingURL=data:application/json;base64,eyJ2ZXJzaW9uIjozLCJuYW1lcyI6W10sInNvdXJjZXMiOlsiZG9Nb2NrLnRlc3QudHMiXSwic291cmNlc0NvbnRlbnQiOltdLCJtYXBwaW5ncyI6IjtBQUFBLFNBQVMsVUFBVSxNQUFNO0FBQ3ZCLFlBQVcsTUFBTTtBQUNmLG1CQUFLLGNBQWM7Q0FDcEIsRUFBQztBQUVGLElBQUcsdUJBQXVCLFlBQVk7QUFDcEMsbUJBQUssb0JBQU8sZ0JBQWdCLE1BQU07QUFDaEMsVUFBTyxFQUNMLE9BQU8saUJBQUssR0FBRyxNQUFNLGtDQUFrQyxDQUN4RDtFQUNGLEVBQUM7RUFDRixNQUFNLEVBQUUsT0FBTyxHQUFHLE1BQU0sT0FBTztBQUUvQixTQUFPLE9BQU8sQ0FBQyxDQUFDLEtBQUssa0NBQWtDO0NBQ3hELEVBQUM7QUFFRixJQUFHLHdCQUF3QixZQUFZO0FBQ3JDLG1CQUFLLG9CQUFPLGdCQUFnQixNQUFNO0FBQ2hDLFVBQU8sRUFDTCxPQUFPLGlCQUFLLEdBQUcsTUFBTSxtQ0FBbUMsQ0FDekQ7RUFDRixFQUFDO0VBQ0YsTUFBTSxFQUFFLE9BQU8sR0FBRyxNQUFNLE9BQU87QUFFL0IsU0FBTyxPQUFPLENBQUMsQ0FBQyxLQUFLLG1DQUFtQztDQUN6RCxFQUFDO0FBQ0gsRUFBQyJ9
