---
source: src/transform.rs
expression: code
---
import * as __oxjest__ from "oxjest/runtime";
import.meta.jest.unstable_mockModule("./greeter.ts", __oxjest__.createMockFactory(await import("./greeter.ts")));
const __oxjest_import_0__ = await import("./greeter.ts"), greet = __oxjest_import_0__.greet;
describe("Simple", () => {
	it("mock a module", () => {
		import.meta.jest.mocked(greet).mockReturnValueOnce("Hello from mocked module!");
		expect(greet()).toBe("Hello from mocked module!");
	});
});

//# sourceMappingURL=data:application/json;base64,eyJ2ZXJzaW9uIjozLCJuYW1lcyI6W10sInNvdXJjZXMiOlsic2ltcGxlLnRlc3QudHMiXSwibWFwcGluZ3MiOiI7QUFFQSxpQkFBSyxvQkFBSywyRUFBZTtBQUZ6Qix5Q0FBc0IsaUJBQWI7QUFJVCxTQUFTLFVBQVUsTUFBTTtBQUN2QixJQUFHLGlCQUFpQixNQUFNO0FBQ3hCLG1CQUFLLE9BQU8sTUFBTSxDQUFDLG9CQUFvQiw0QkFBNEI7QUFFbkUsU0FBTyxPQUFPLENBQUMsQ0FBQyxLQUFLLDRCQUE0QjtDQUNsRCxFQUFDO0FBQ0gsRUFBQyJ9
