---
source: src/transform.rs
expression: code
---
import * as __oxjest__ from "oxjest/runtime";
import.meta.jest.unstable_mockModule("./greeter.ts", __oxjest__.createMockFactory(await import("./greeter.ts")));
const __oxjest_import_0__ = await import("./greeter.ts"), greet = __oxjest_import_0__.greet;
describe("Simple", () => {
	it("mock a module", () => {
		import.meta.jest.mocked(greet).mockReturnValueOnce("Hello from mocked module!");
		expect(greet()).toBe("Hello from mocked module!");
	});
});

//# sourceMappingURL=data:application/json;base64,eyJ2ZXJzaW9uIjozLCJuYW1lcyI6W10sInNvdXJjZXMiOlsic2ltcGxlLnRlc3QudHMiXSwic291cmNlc0NvbnRlbnQiOltdLCJtYXBwaW5ncyI6IjtBQUVBLGlCQUFLLG9CQUFLLDJFQUFlO0FBRnpCLHlDQUFzQixpQkFBYjtBQUlULFNBQVMsVUFBVSxNQUFNO0FBQ3ZCLElBQUcsaUJBQWlCLE1BQU07QUFDeEIsbUJBQUssT0FBTyxNQUFNLENBQUMsb0JBQW9CLDRCQUE0QjtBQUVuRSxTQUFPLE9BQU8sQ0FBQyxDQUFDLEtBQUssNEJBQTRCO0NBQ2xELEVBQUM7QUFDSCxFQUFDIn0=
