---
source: src/transform.rs
expression: code
---
import * as __oxjest__ from "oxjest/runtime";
const __oxjest_actual_0__ = await import("./greeter");
import.meta.jest.unstable_mockModule("./greeter", () => ({ greet: () => "Hello from mocked module!" }));
describe("requireActual", () => {
	it("mock a module", () => {
		const greeter = __oxjest_actual_0__;
		expect(greeter.greet()).toBe("Hello, world!");
	});
});

//# sourceMappingURL=data:application/json;base64,eyJ2ZXJzaW9uIjozLCJuYW1lcyI6WyJtb2NrIiwiamVzdC5yZXF1aXJlQWN0dWFsKFwiLi9ncmVldGVyXCIpIl0sInNvdXJjZXMiOlsicmVxdWlyZUFjdHVhbC50ZXN0LnRzIl0sInNvdXJjZXNDb250ZW50IjpbXSwibWFwcGluZ3MiOiI7O1lBQUEsS0FBS0Esb0JBQUssb0JBQW9CLEVBQzVCLGFBQWEsNkJBQ2QsRUFBRTtBQUVILFNBQVMsdUJBQXVCO0FBQzlCLElBQUcsdUJBQXVCO0VBQ3hCLE1BQU0sVUFBVUM7QUFFaEIsU0FBTyxRQUFRLE9BQU8sQ0FBQyxDQUFDLEtBQUssZ0JBQWdCO0dBQzdDO0VBQ0YifQ==
